163:/home/tiago/work/lua/lua-gdpr-iab-tcfv2/.rocks/share/lua/5.1/busted/block.lua
0 0 0 0 0 0 0 0 0 0 0 0 0 0 0 3 3 0 3 578 0 578 581 0 3 34 34 612 578 544 0 0 37 0 0 0 0 0 0 3 0 3 120 0 120 86 86 0 0 0 0 120 25 0 120 120 95 0 0 25 25 0 0 0 0 0 0 25 0 25 3 0 3 145 0 145 86 86 0 0 0 0 145 0 145 145 0 0 0 0 0 145 3 0 3 170 170 0 170 170 0 0 0 0 0 0 170 86 0 0 0 170 3 0 3 34 3 0 3 25 25 25 0 28 0 3 25 3 0 3 25 3 0 3 23 0 23 23 23 0 0 0 0 23 0 23 22 0 22 0 0 0 0 22 22 0 0 22 22 0 26 0 3 
38:/home/tiago/work/lua/lua-gdpr-iab-tcfv2/.rocks/share/lua/5.1/busted/compatibility.lua
0 0 0 0 0 0 0 0 0 0 0 0 0 0 0 0 0 0 0 0 0 0 0 0 0 0 0 0 0 0 0 0 0 0 0 0 1 1 
130:/home/tiago/work/lua/lua-gdpr-iab-tcfv2/.rocks/share/lua/5.1/busted/context.lua
0 0 0 9 387 378 0 9 9 9 9 9 0 0 0 9 387 378 0 387 0 378 0 0 0 1462 760 711 9 0 0 0 0 0 0 0 0 0 0 0 0 0 0 0 0 0 0 0 0 0 0 0 0 0 0 0 0 0 0 0 0 0 0 0 57 57 9 48 0 48 0 0 57 57 0 0 57 57 0 0 57 9 0 57 0 0 2458 0 0 0 0 0 0 0 0 0 0 0 0 0 0 0 0 0 57 57 57 57 0 0 28 0 0 0 8037 0 0 0 234 234 234 234 234 0 0 234 234 234 234 234 
317:/home/tiago/work/lua/lua-gdpr-iab-tcfv2/.rocks/share/lua/5.1/busted/core.lua
0 0 0 0 0 0 0 0 0 0 0 0 0 0 0 0 0 0 0 0 0 0 0 1 1 0 1 0 0 1 0 0 0 1 0 0 0 9 0 0 0 0 0 0 0 0 0 0 0 0 0 0 0 0 0 0 0 0 0 0 0 0 0 0 0 0 0 0 0 49 49 0 49 49 50 49 1 1 0 0 49 49 0 49 49 0 0 0 1 1 1 1 0 1 1 0 0 0 0 0 1 0 0 0 181 0 0 0 102 0 0 0 0 0 0 0 50 0 68 68 10 10 10 10 10 10 0 0 58 40 40 40 40 40 0 0 18 0 0 0 0 0 0 0 0 0 0 0 0 0 0 0 0 0 0 0 0 0 0 0 0 0 0 0 0 0 9 0 9 0 9 0 0 234 234 234 0 468 1 1 1 469 0 234 1 0 0 0 1 0 0 0 0 0 0 0 0 0 0 0 1 0 234 0 234 234 0 0 0 120 120 120 60 60 60 60 60 60 0 240 120 240 120 0 0 0 0 0 0 0 0 0 0 0 0 0 0 0 0 0 0 0 0 0 0 0 0 0 0 0 0 0 0 0 0 0 0 0 57 0 0 57 0 0 0 57 0 57 57 48 0 0 0 57 114 0 57 57 0 0 0 0 0 0 57 57 57 57 57 57 57 57 57 57 57 57 0 0 57 0 57 25 0 32 0 57 0 0 0 25 82 57 57 114 57 0 25 
31:/home/tiago/work/lua/lua-gdpr-iab-tcfv2/.rocks/share/lua/5.1/busted/environment.lua
0 0 0 0 0 0 0 9589 0 9462 7288 9462 0 0 0 0 0 0 0 0 2301 0 0 0 0 0 0 0 0 0 9 
72:/home/tiago/work/lua/lua-gdpr-iab-tcfv2/.rocks/share/lua/5.1/busted/execute.lua
3 3 3 0 0 0 0 0 0 0 0 0 3 0 0 3 0 0 3 3 0 0 0 0 0 0 0 0 0 0 0 0 0 0 0 0 0 0 3 0 6 3 0 0 0 0 0 3 0 3 0 0 0 0 3 3 3 3 0 3 3 0 3 0 3 0 0 0 6 0 3 3 
129:/home/tiago/work/lua/lua-gdpr-iab-tcfv2/.rocks/share/lua/5.1/busted/init.lua
0 0 0 0 9 9 9 0 9 9 0 0 14 14 14 0 14 14 0 0 34 34 0 34 0 0 0 0 34 0 34 34 34 0 34 0 34 34 34 34 34 0 0 0 0 0 0 34 0 0 34 34 0 0 0 0 0 0 0 0 0 0 0 0 0 0 0 0 0 0 0 0 0 0 0 0 0 0 0 0 0 0 0 0 0 0 0 0 0 0 0 0 0 0 0 0 0 0 0 0 0 0 0 0 0 0 0 0 0 0 0 0 0 0 0 0 0 0 0 0 0 0 0 0 0 0 0 0 139 
50:/home/tiago/work/lua/lua-gdpr-iab-tcfv2/.rocks/share/lua/5.1/busted/languages/en.lua
3 0 3 0 0 3 3 3 3 0 3 3 3 3 0 3 3 3 3 0 3 3 3 3 0 3 0 3 3 0 0 3 3 3 3 3 3 3 3 3 0 3 3 3 3 3 3 0 3 3 
4:/home/tiago/work/lua/lua-gdpr-iab-tcfv2/.rocks/share/lua/5.1/busted/luajit.lua
3 0 3 6 
23:/home/tiago/work/lua/lua-gdpr-iab-tcfv2/.rocks/share/lua/5.1/busted/modules/files/lua.lua
3 0 3 0 0 49 49 49 3 0 0 9 3 0 0 9 9 0 0 9 3 0 3 
107:/home/tiago/work/lua/lua-gdpr-iab-tcfv2/.rocks/share/lua/5.1/busted/modules/files/moonscript.lua
3 0 6 3 3 0 3 0 0 0 0 0 0 0 0 0 0 3 0 0 0 0 0 0 0 0 0 0 0 0 3 0 0 0 0 0 3 0 0 0 0 0 0 0 0 0 0 0 0 0 0 0 0 0 0 0 0 0 0 0 0 0 0 0 0 0 3 0 3 0 0 0 0 0 0 0 0 0 0 0 3 0 0 0 0 0 0 0 0 0 0 0 3 0 0 0 3 0 0 0 0 0 0 0 3 0 3 
156:/home/tiago/work/lua/lua-gdpr-iab-tcfv2/.rocks/share/lua/5.1/busted/modules/filter_loader.lua
0 0 0 34 34 0 86 86 52 52 0 0 34 3 0 0 0 0 3 0 0 48 0 0 0 0 48 3 0 0 34 34 0 0 0 0 34 3 0 0 48 0 0 0 0 48 3 0 3 3 0 0 0 0 0 0 0 0 0 0 0 0 3 0 0 48 0 0 0 0 48 3 0 0 34 0 0 0 0 34 3 0 0 0 0 0 0 0 0 0 0 0 3 0 0 0 3 0 3 0 0 0 0 0 0 3 0 0 0 3 0 0 30 54 39 0 0 33 0 0 0 0 0 0 0 0 3 0 3 0 0 0 0 0 0 0 0 0 0 0 0 0 0 3 3 3 3 0 0 3 3 3 3 3 3 3 
34:/home/tiago/work/lua/lua-gdpr-iab-tcfv2/.rocks/share/lua/5.1/busted/modules/output_handler_loader.lua
0 0 0 0 0 0 0 0 3 6 3 0 3 0 0 3 0 6 0 3 0 0 0 3 0 0 0 0 3 0 0 0 3 3 
101:/home/tiago/work/lua/lua-gdpr-iab-tcfv2/.rocks/share/lua/5.1/busted/modules/test_file_loader.lua
3 0 0 3 3 3 3 0 9 6 6 0 0 0 0 0 3 0 3 3 3 0 6 23 23 0 0 0 0 37 23 9 0 0 14 6 0 6 9 0 0 9 0 6 0 0 0 0 0 3 3 3 0 0 3 6 3 0 3 3 0 0 0 9 9 9 0 0 3 0 0 3 0 12 9 0 9 18 9 9 9 9 0 0 9 0 0 0 3 0 0 0 0 0 0 0 3 3 0 3 3 
181:/home/tiago/work/lua/lua-gdpr-iab-tcfv2/.rocks/share/lua/5.1/busted/outputHandlers/base.lua
3 3 0 0 3 3 3 3 3 3 3 3 3 3 3 0 0 0 102 3 0 0 3 3 0 3 0 0 0 3 3 3 3 3 3 3 3 3 3 6 0 0 35 35 0 88 87 0 53 53 0 0 35 3 0 0 0 35 416 381 312 0 0 35 35 0 35 35 35 35 35 35 35 0 35 0 35 3 0 0 3 0 0 0 3 3 0 0 3 3 3 3 0 0 0 0 0 0 0 0 0 0 0 0 0 3 0 0 3 3 3 3 0 0 34 34 3 0 0 0 0 34 34 34 0 0 0 0 0 0 0 0 0 0 0 0 34 0 34 34 34 0 0 0 34 0 0 34 0 34 3 0 0 0 0 0 0 3 0 0 0 0 3 0 0 0 0 0 3 0 0 1 1 1 0 0 1 3 0 3 3 
224:/home/tiago/work/lua/lua-gdpr-iab-tcfv2/.rocks/share/lua/5.1/busted/outputHandlers/utfTerminal.lua
3 3 3 3 3 3 3 3 3 3 3 3 0 3 0 0 3 3 3 3 0 3 3 3 0 3 3 0 0 0 0 0 3 0 0 0 3 0 0 0 0 3 0 0 0 0 3 3 0 0 0 3 3 3 3 0 0 0 0 0 0 0 0 0 0 0 0 0 0 0 0 0 3 0 0 1 1 1 0 0 0 0 0 0 1 3 0 0 0 1 1 1 0 0 1 0 0 0 0 1 1 1 1 1 0 0 1 0 0 0 1 3 0 0 3 3 3 3 0 3 3 3 3 3 0 3 0 3 1 0 0 3 3 0 0 0 0 3 3 0 0 0 0 3 2 1 1 0 0 3 0 3 3 3 3 3 3 0 0 34 34 0 34 0 34 0 34 0 0 0 34 34 0 0 34 3 0 0 3 3 3 0 3 3 0 0 3 3 0 3 0 0 0 0 3 0 0 0 0 4 1 1 0 0 3 3 0 0 1 1 0 1 3 0 3 3 3 3 3 3 3 0 3 3 
227:/home/tiago/work/lua/lua-gdpr-iab-tcfv2/.rocks/share/lua/5.1/busted/runner.lua
0 0 0 0 0 0 0 0 0 0 0 0 0 0 0 0 0 0 0 0 0 0 0 0 0 0 0 0 0 0 0 0 0 0 0 0 0 0 0 0 0 0 0 0 0 0 0 0 0 0 0 0 0 0 0 0 0 0 0 0 0 0 0 0 0 3 0 0 0 0 0 0 3 0 0 0 0 3 0 0 0 0 0 3 3 0 0 3 3 0 0 0 3 3 0 0 0 0 0 3 3 3 0 6 0 0 3 0 6 0 0 3 0 6 1 1 1 3 0 6 0 0 0 0 0 0 0 3 0 0 3 3 3 0 0 6 3 3 3 3 3 3 3 0 0 0 3 0 0 3 0 0 0 0 0 0 0 0 0 0 0 0 0 0 0 0 0 0 0 0 0 0 0 3 0 3 0 0 0 0 0 0 0 0 0 6 3 3 3 3 3 3 3 3 3 0 0 3 0 3 3 3 6 3 3 3 3 0 0 0 0 0 0 3 3 6 3 3 3 0 0 3 0 3 1 0 2 
42:/home/tiago/work/lua/lua-gdpr-iab-tcfv2/.rocks/share/lua/5.1/busted/status.lua
0 302 302 302 302 302 302 302 302 0 302 0 0 0 268 268 411 268 268 268 0 0 0 268 0 0 0 268 0 0 0 34 34 34 0 302 0 0 536 268 336 268 
35:/home/tiago/work/lua/lua-gdpr-iab-tcfv2/.rocks/share/lua/5.1/busted/utils.lua
0 0 0 3 3 15 12 12 0 0 3 0 0 0 0 0 0 0 0 0 0 0 0 0 0 0 3 3 3 3 3 15 12 0 3 
32:/home/tiago/work/lua/lua-gdpr-iab-tcfv2/.rocks/share/lua/5.1/cliargs.lua
0 0 3 3 0 3 0 3 3 3 0 0 3 0 3 3 0 0 0 3 255 252 42 0 0 0 3 6 0 3 0 3 
556:/home/tiago/work/lua/lua-gdpr-iab-tcfv2/.rocks/share/lua/5.1/cliargs/core.lua
0 0 0 0 0 0 0 0 0 0 0 0 0 0 0 0 0 6 6 0 0 0 0 0 0 0 0 0 0 0 0 0 0 3 3 3 0 3 3 0 6 0 0 0 0 0 0 6 0 0 0 6 6 0 6 0 0 0 0 6 0 0 0 6 0 0 0 0 6 6 6 6 6 6 6 6 6 6 0 0 6 9 0 0 0 0 0 0 0 0 0 0 0 0 0 0 0 0 0 0 0 0 0 0 0 0 0 0 0 0 0 0 0 0 0 0 3 0 0 0 0 0 0 0 0 3 3 0 3 3 0 0 3 0 0 0 3 0 0 0 0 0 0 0 0 0 0 0 0 0 3 0 3 0 3 0 0 0 0 0 0 0 0 0 0 0 0 0 3 0 0 0 0 0 0 0 0 0 0 0 0 0 0 0 0 0 3 0 0 0 0 0 0 0 0 0 3 0 0 0 0 0 0 0 0 0 0 0 0 0 0 0 0 0 0 0 3 0 0 0 0 0 0 0 0 0 0 0 3 0 0 0 0 0 0 0 0 0 0 0 0 0 0 0 0 0 0 0 0 0 0 0 0 0 0 0 0 0 0 0 0 0 0 0 0 3 0 0 0 0 0 0 0 0 0 0 0 0 0 0 0 0 0 0 0 0 3 0 0 0 0 0 0 0 0 0 0 0 0 0 0 0 0 0 0 0 0 0 0 0 0 0 0 0 0 0 0 0 0 0 0 0 0 0 0 0 0 0 0 0 0 0 0 0 0 0 3 0 0 0 0 0 0 0 0 0 0 0 0 0 0 0 0 0 0 0 0 0 0 0 0 0 0 0 0 0 0 0 0 0 0 0 0 0 0 3 0 0 0 0 0 0 0 0 0 0 0 0 0 0 0 0 0 0 0 0 0 0 0 0 0 0 0 0 0 0 0 0 0 3 0 0 0 0 0 0 0 0 0 0 0 0 0 0 0 0 0 0 0 0 0 3 0 0 0 0 0 0 0 0 0 0 0 0 0 0 0 0 0 0 0 0 0 0 0 0 0 0 0 0 0 0 0 0 0 0 0 0 0 0 3 6 0 0 0 0 12 0 6 0 6 0 6 0 0 0 6 0 6 3 0 0 0 0 0 0 0 0 0 0 0 0 0 0 0 0 3 0 0 0 0 0 0 0 0 3 0 0 0 0 0 0 0 0 0 0 0 0 0 0 0 3 3 3 0 0 0 0 0 3 0 3 0 3 0 3 0 0 0 0 0 3 0 3 0 3 
315:/home/tiago/work/lua/lua-gdpr-iab-tcfv2/.rocks/share/lua/5.1/cliargs/parser.lua
0 0 0 0 0 0 0 0 0 0 0 0 0 0 0 0 0 0 0 0 0 0 0 0 0 0 0 3 0 3 0 0 0 0 0 0 0 0 0 0 0 0 0 0 0 0 0 0 0 0 0 0 0 0 0 0 0 0 0 0 0 0 0 0 0 3 0 0 0 0 15 12 0 0 0 0 3 0 0 0 0 3 0 0 3 0 0 0 0 3 3 3 3 0 0 0 0 3 0 3 0 3 0 0 0 0 0 0 0 0 0 0 0 0 0 0 0 0 0 0 0 0 0 0 0 0 0 0 0 0 0 0 0 0 0 0 0 0 0 0 0 0 0 0 0 0 0 0 0 0 0 0 0 0 0 0 0 0 0 0 0 0 0 0 0 0 0 0 0 0 0 0 0 0 0 0 0 0 0 0 0 0 0 0 0 0 0 0 0 0 0 0 0 0 0 0 0 0 0 0 0 0 0 0 0 0 0 0 0 0 0 0 3 0 0 0 3 3 0 3 3 0 0 3 0 0 0 0 0 0 0 0 0 0 0 0 0 0 3 0 0 0 3 0 6 6 0 6 0 0 0 0 0 6 6 0 0 0 3 0 0 6 6 9 0 9 6 6 0 6 6 0 0 6 0 6 0 6 0 6 0 0 0 0 6 0 0 3 0 0 0 0 6 3 3 0 0 3 0 0 6 6 6 6 6 3 0 0 3 0 3 3 3 3 3 
261:/home/tiago/work/lua/lua-gdpr-iab-tcfv2/.rocks/share/lua/5.1/cliargs/printer.lua
0 0 0 0 0 0 0 3 0 3 0 3 0 0 0 0 0 0 0 0 0 0 0 0 0 0 0 0 0 0 0 0 0 0 0 0 0 0 0 0 3 0 0 3 0 0 0 0 0 0 0 0 0 0 0 0 0 0 0 0 0 0 0 0 0 0 0 0 0 0 0 0 0 0 0 0 0 0 0 0 3 0 3 0 0 0 0 0 0 0 0 0 0 0 0 0 0 0 0 0 0 0 0 0 0 0 0 0 0 0 0 0 0 0 0 0 0 0 0 0 0 0 0 0 0 0 0 0 0 0 0 0 0 0 0 0 0 0 0 0 0 0 0 0 0 0 0 0 0 0 0 0 0 0 0 0 0 0 0 0 0 0 0 3 0 3 0 0 0 0 0 0 0 0 0 0 0 0 0 0 0 0 0 0 0 0 0 0 0 0 0 0 0 0 0 0 0 0 0 0 0 0 0 0 0 0 0 0 0 0 0 0 0 0 0 0 0 0 0 0 0 0 0 0 0 0 0 0 0 0 0 0 0 0 0 0 0 0 0 0 0 0 0 0 0 0 0 0 0 3 0 3 0 0 0 0 0 0 3 0 3 
66:/home/tiago/work/lua/lua-gdpr-iab-tcfv2/.rocks/share/lua/5.1/cliargs/utils/disect.lua
0 0 0 0 0 0 0 0 0 0 0 0 0 0 0 0 0 0 0 0 0 0 0 0 0 0 0 0 0 0 0 0 6 6 0 0 0 0 0 0 0 6 6 0 0 0 0 6 6 0 0 0 6 0 0 6 0 0 6 6 0 6 0 0 0 6 
10:/home/tiago/work/lua/lua-gdpr-iab-tcfv2/.rocks/share/lua/5.1/cliargs/utils/filter.lua
0 12 0 36 24 0 0 0 0 12 
22:/home/tiago/work/lua/lua-gdpr-iab-tcfv2/.rocks/share/lua/5.1/cliargs/utils/lookup.lua
0 0 0 0 0 12 9 3 0 0 0 3 0 0 0 3 0 0 0 0 0 6 
21:/home/tiago/work/lua/lua-gdpr-iab-tcfv2/.rocks/share/lua/5.1/cliargs/utils/split.lua
0 6 6 6 6 0 12 6 6 0 0 6 6 0 0 6 0 0 0 0 6 
175:/home/tiago/work/lua/lua-gdpr-iab-tcfv2/.rocks/share/lua/5.1/luassert/assert.lua
0 0 0 0 0 0 0 0 0 0 0 0 0 0 0 0 0 0 0 0 0 0 0 0 0 0 1582 0 1582 0 4749 3167 0 0 1582 4749 3167 1585 0 0 0 1582 1582 0 1582 0 0 0 0 0 0 0 0 1582 0 0 1582 0 0 0 0 0 0 0 0 0 0 0 0 0 0 0 6296 3167 0 0 3129 0 0 0 0 1582 0 0 0 0 0 0 0 0 0 0 0 0 0 0 0 0 0 0 0 0 0 0 0 0 0 0 0 0 0 0 0 0 0 0 0 0 0 0 0 0 0 0 0 0 0 0 0 0 0 0 0 3 3 0 0 0 0 0 0 0 0 0 0 0 0 0 0 0 0 0 0 0 0 0 0 0 0 0 0 0 0 0 0 0 1547 0 0 0 1547 0 0 0 1582 
302:/home/tiago/work/lua/lua-gdpr-iab-tcfv2/.rocks/share/lua/5.1/luassert/assertions.lua
0 0 0 0 0 0 0 0 0 0 0 0 0 0 0 0 0 0 1582 1508 0 1582 0 0 0 0 0 0 0 0 0 0 0 0 0 0 0 0 0 0 0 0 0 0 0 0 0 0 0 0 0 0 0 0 0 0 0 0 0 0 0 0 0 0 0 0 0 0 0 0 0 0 0 0 0 0 0 0 0 0 0 0 0 0 0 0 0 0 0 0 0 0 0 0 0 0 0 0 0 0 0 0 0 0 0 0 0 0 0 0 0 0 1547 1547 1547 1547 0 1547 1547 1547 0 0 0 0 0 0 0 0 0 0 0 0 0 0 0 0 0 0 0 0 0 0 0 0 0 0 0 0 0 0 0 0 0 0 0 0 0 0 0 0 0 0 0 0 0 0 0 0 0 0 0 0 0 0 0 0 0 0 0 0 0 0 0 0 0 0 0 0 0 0 0 0 0 0 0 0 0 0 0 0 0 0 0 0 0 0 0 0 0 0 0 0 0 0 0 0 0 0 0 0 0 0 0 0 0 0 0 0 0 0 0 0 0 0 0 0 0 0 0 0 0 0 0 0 0 0 0 0 0 0 0 0 0 0 0 0 0 0 0 0 0 0 0 0 19 19 19 0 0 0 8 8 8 0 0 0 8 8 8 8 8 0 0 0 0 0 0 0 0 0 0 0 0 0 0 0 0 0 0 0 0 8 
10:/home/tiago/work/lua/lua-gdpr-iab-tcfv2/.rocks/share/lua/5.1/luassert/modifiers.lua
0 0 0 0 1582 0 0 0 3 3 
105:/home/tiago/work/lua/lua-gdpr-iab-tcfv2/.rocks/share/lua/5.1/luassert/state.lua
0 0 0 0 0 0 0 0 0 0 0 0 0 0 0 0 0 0 0 0 0 0 0 0 0 0 0 0 0 0 0 0 0 0 0 0 0 0 0 0 0 0 0 0 0 0 0 0 0 0 0 0 0 0 0 0 0 0 0 0 0 0 0 0 0 0 0 0 0 0 0 0 0 0 0 0 0 0 0 0 0 0 0 0 0 0 0 0 0 0 0 0 0 0 0 0 0 0 0 0 0 0 3 3 3 
353:/home/tiago/work/lua/lua-gdpr-iab-tcfv2/.rocks/share/lua/5.1/luassert/util.lua
0 0 0 0 0 0 0 0 0 0 0 0 0 0 0 0 0 0 0 0 0 0 0 0 0 0 0 0 0 0 0 0 0 0 0 0 0 0 0 0 0 0 0 0 0 0 0 0 0 0 0 0 0 0 0 0 0 0 0 0 0 0 0 0 0 0 0 0 0 0 0 0 0 0 0 0 0 0 0 0 0 0 0 0 0 0 0 0 0 0 0 0 0 0 0 0 0 0 0 0 0 0 0 0 0 0 0 0 0 0 0 0 0 0 0 0 0 0 0 0 0 0 0 0 0 0 0 0 0 0 0 0 0 0 0 0 0 0 0 0 0 0 0 0 0 0 0 0 0 0 0 0 0 0 0 0 0 0 0 0 0 0 0 0 0 0 0 0 0 0 0 0 0 0 0 0 0 0 0 0 0 0 0 0 0 0 0 0 0 0 0 0 0 0 0 0 0 0 0 0 0 0 0 0 0 0 0 0 0 0 0 0 0 1582 1582 1582 1582 1582 1582 0 0 0 0 1582 1582 0 1582 0 0 0 0 0 4639 3057 0 0 1582 1582 0 0 0 0 0 0 0 0 0 1547 1547 0 1547 0 0 0 0 0 1547 0 4596 3049 0 0 1547 1547 1547 0 0 0 0 0 0 0 0 0 0 0 0 0 0 0 0 0 0 0 0 0 0 0 0 0 0 0 0 1582 1582 1582 1582 3164 1582 1582 1582 0 1582 1582 0 0 0 0 0 0 0 0 1582 0 0 1582 1582 1582 4749 3167 3167 0 0 3167 3167 0 0 0 0 0 0 3167 3167 3167 0 3167 0 0 0 1582 0 0 0 1582 0 0 0 0 0 0 1582 1582 1582 
154:/home/tiago/work/lua/lua-gdpr-iab-tcfv2/.rocks/share/lua/5.1/mediator.lua
0 102 0 0 0 102 102 102 102 0 0 0 0 0 102 0 102 102 0 0 0 0 0 75 75 75 75 75 75 0 0 102 102 0 102 0 102 69 69 0 54 0 0 102 0 102 75 0 0 0 0 0 0 0 0 0 0 0 0 75 0 0 0 0 0 0 0 0 75 0 0 75 75 75 0 0 0 75 0 0 548 75 0 0 0 0 0 0 0 0 0 0 0 75 0 0 755 386 0 0 386 0 386 0 386 386 0 0 0 369 245 0 124 0 75 75 0 0 0 0 0 0 0 0 0 0 0 0 0 0 0 283 0 831 548 0 0 283 0 0 0 102 0 0 0 0 0 0 0 0 0 0 0 181 
565:/home/tiago/work/lua/lua-gdpr-iab-tcfv2/.rocks/share/lua/5.1/pl/List.lua
0 0 0 0 0 0 0 0 0 0 0 0 0 0 0 0 0 0 0 0 3 3 3 3 3 3 3 0 3 3 0 0 3 3 0 3 0 3 0 0 0 0 0 0 0 0 3 0 0 0 3 0 3 0 3 0 3 0 0 0 0 0 0 3 0 0 0 0 0 0 0 0 0 0 0 0 3 0 0 0 0 3 0 0 0 3 0 0 0 0 3 0 0 3 0 3 0 0 0 0 0 3 0 0 0 3 0 0 0 0 0 0 3 0 0 0 3 0 0 0 0 3 0 3 0 0 0 0 0 3 0 0 0 3 0 0 0 0 0 0 0 3 0 0 0 0 3 0 0 0 0 0 0 3 0 0 0 3 0 3 0 0 0 0 0 0 0 0 3 3 0 0 0 0 3 0 3 0 0 0 0 3 0 0 0 0 0 3 0 0 0 0 3 0 0 0 3 0 0 0 0 3 0 3 0 0 0 3 0 0 0 0 0 0 0 3 0 0 0 0 3 0 0 0 0 0 0 0 3 0 0 0 0 0 0 0 0 3 0 3 0 0 0 3 0 0 3 0 3 0 0 0 0 0 0 0 0 0 0 0 3 0 0 0 0 0 0 0 0 0 0 0 0 0 0 0 3 0 0 3 0 3 0 0 0 0 0 0 0 0 3 0 3 0 0 0 0 0 0 0 3 0 0 0 0 0 0 0 0 3 0 0 0 0 0 0 3 0 0 0 0 0 0 3 0 0 0 0 0 3 0 0 0 0 3 0 0 0 0 0 3 0 0 0 0 0 3 0 0 0 0 0 3 0 0 0 3 0 0 0 0 0 0 3 0 0 0 0 0 0 0 3 0 0 0 0 3 0 3 0 0 0 0 3 0 0 0 0 3 0 0 0 0 0 3 0 0 0 0 3 0 0 0 0 0 3 0 0 0 0 0 3 0 3 0 0 0 0 0 0 3 0 0 3 0 0 0 0 0 0 0 0 3 0 3 0 0 0 0 0 0 3 0 0 3 0 0 0 0 0 0 0 0 3 0 3 0 0 0 0 0 0 0 3 0 0 0 0 0 0 0 3 0 0 0 0 0 3 0 3 0 0 0 0 0 0 0 0 0 0 0 3 0 3 0 0 0 0 0 3 0 3 0 0 0 0 0 0 0 0 3 0 0 0 0 0 0 0 0 0 0 3 0 0 3 0 3 0 0 0 0 0 0 0 3 0 0 0 0 0 0 0 0 0 0 0 0 0 0 0 0 0 0 0 0 0 0 0 0 0 0 3 3 0 3 
218:/home/tiago/work/lua/lua-gdpr-iab-tcfv2/.rocks/share/lua/5.1/pl/class.lua
0 0 0 0 0 0 0 0 0 0 0 0 0 0 0 0 0 0 0 0 0 0 0 0 0 0 0 0 0 0 0 0 0 0 0 0 0 0 0 0 0 0 0 0 0 0 0 0 0 0 0 0 0 0 0 0 0 0 0 0 0 0 0 0 0 0 0 0 0 0 0 0 0 0 0 0 0 0 0 0 0 0 0 0 0 0 0 0 0 0 0 0 0 0 0 0 0 0 0 0 0 0 0 0 0 0 0 0 0 0 0 0 0 0 0 0 0 0 0 0 0 0 0 0 0 0 0 0 0 0 3 0 3 3 0 0 0 3 0 0 3 0 0 0 0 0 0 3 0 0 0 3 3 3 3 3 0 0 3 0 0 0 0 0 0 0 0 0 0 0 0 0 0 0 0 0 0 0 0 0 0 0 3 0 0 0 0 0 0 0 0 3 3 3 3 3 0 3 3 0 0 3 0 0 0 0 0 0 0 0 0 0 0 0 0 0 0 3 
527:/home/tiago/work/lua/lua-gdpr-iab-tcfv2/.rocks/share/lua/5.1/pl/dir.lua
0 0 0 0 0 0 0 3 3 3 3 3 3 3 3 3 3 3 0 3 3 0 3 0 0 3 3 0 0 3 6 0 0 23 23 3 0 0 0 0 0 0 0 0 0 0 3 0 0 0 3 0 0 0 0 0 0 3 0 0 0 0 0 0 0 0 3 0 0 0 0 0 0 0 0 0 0 0 0 0 0 3 0 0 0 0 0 0 3 0 0 0 0 0 0 0 0 0 0 0 3 0 0 0 0 0 3 0 0 0 3 0 3 0 0 0 0 0 0 0 0 0 0 0 0 0 0 3 0 0 0 0 0 0 0 0 0 0 0 0 0 0 0 0 0 0 0 0 0 0 0 0 0 0 0 0 0 0 0 0 0 0 0 0 0 0 0 0 0 0 0 0 0 0 0 0 0 0 0 0 0 0 0 0 0 3 0 0 0 3 0 0 0 0 0 0 0 0 0 0 0 0 0 0 0 0 0 0 0 0 0 0 0 0 0 0 0 0 0 0 0 0 0 0 0 0 0 0 0 0 0 3 0 0 0 0 0 0 0 3 0 0 0 0 3 0 0 0 0 0 0 3 0 0 0 3 0 0 0 0 0 0 0 0 0 0 0 0 0 0 0 0 3 0 0 0 0 0 0 0 0 0 0 0 0 0 0 0 3 0 0 0 0 0 0 0 0 0 0 0 0 0 0 0 0 0 0 0 0 0 0 0 0 0 0 0 0 0 3 0 0 0 0 0 0 0 3 0 0 0 0 0 0 0 0 0 0 0 0 0 0 0 0 0 0 0 0 0 0 0 0 3 0 0 0 3 3 0 0 3 0 0 3 0 0 0 0 0 0 0 0 0 0 0 0 0 0 0 3 0 0 0 0 0 0 3 0 0 0 0 0 6 0 0 0 0 0 0 0 0 0 0 0 0 0 0 3 0 0 0 0 0 0 0 0 0 0 0 0 0 0 0 0 0 0 0 0 0 0 0 0 0 0 0 0 0 0 0 0 0 0 0 0 0 0 0 0 0 3 0 0 0 0 0 0 0 59 59 3 0 0 56 56 56 9 9 0 0 47 29 29 29 29 6 0 29 0 0 0 18 3 0 0 0 0 0 0 3 3 0 3 3 0 0 0 3 0 3 3 0 0 0 0 0 0 0 0 3 3 3 3 0 3 3 32 29 23 23 23 0 0 0 0 3 3 0 3 
397:/home/tiago/work/lua/lua-gdpr-iab-tcfv2/.rocks/share/lua/5.1/pl/path.lua
0 0 0 0 0 0 0 0 0 0 0 0 0 0 0 0 0 0 0 0 0 0 0 0 0 0 0 0 0 0 0 0 0 0 0 0 0 0 0 0 0 0 0 0 0 0 0 0 0 0 0 0 0 0 0 0 0 0 0 0 0 0 0 0 0 0 0 0 0 0 0 0 0 0 0 0 0 0 0 0 0 0 0 0 0 0 0 0 0 0 0 0 0 0 0 0 0 0 0 0 0 0 0 0 0 0 0 0 0 0 0 0 0 0 0 0 0 0 0 0 0 0 35 35 0 0 0 0 0 3 3 0 0 0 0 0 0 0 0 0 0 0 0 0 0 0 0 0 0 0 0 0 0 0 0 29 29 0 0 0 0 0 0 0 0 0 0 0 0 0 0 0 0 0 0 0 0 0 0 0 0 0 1644 0 0 0 0 0 0 0 0 0 0 0 0 0 0 0 0 0 0 0 0 0 0 0 0 0 0 0 0 0 0 0 0 0 0 0 0 0 0 0 0 0 0 0 0 0 0 0 0 121 121 121 1608 1487 1487 0 121 0 0 121 0 0 0 0 0 0 0 0 0 0 0 0 0 0 0 0 0 0 0 0 0 0 0 0 0 0 0 0 0 0 0 0 0 0 0 9 9 9 36 27 0 0 27 27 0 9 0 0 9 0 0 0 0 0 0 0 0 0 0 0 98 98 98 0 0 0 0 0 0 0 0 0 0 23 23 23 0 0 0 0 0 0 0 0 0 0 9 9 9 0 0 0 0 0 0 0 0 0 0 0 0 0 0 0 0 0 0 0 0 0 0 0 0 0 0 0 0 0 0 0 0 0 0 0 0 0 0 0 0 0 0 0 0 0 0 0 0 0 0 0 0 0 0 0 0 0 0 0 0 0 46 46 0 0 46 
887:/home/tiago/work/lua/lua-gdpr-iab-tcfv2/.rocks/share/lua/5.1/pl/tablex.lua
0 0 0 0 0 0 0 0 0 0 0 0 0 0 0 0 0 0 0 0 0 6 6 0 0 0 0 0 0 0 0 0 0 0 0 0 0 0 6 0 0 6 0 0 12 0 0 12 0 0 0 0 0 0 0 0 0 0 0 0 0 0 0 0 0 0 0 0 0 0 0 0 0 0 0 0 0 0 0 0 0 0 0 0 0 0 0 0 0 12 12 723 711 0 12 0 0 0 0 0 0 0 0 0 0 0 0 0 0 0 0 0 0 0 0 0 0 0 0 0 0 0 0 0 0 0 0 0 0 0 0 0 0 0 0 0 0 0 0 0 0 0 0 0 0 0 0 0 0 0 0 0 0 0 0 0 0 0 0 0 0 0 0 0 0 0 0 0 0 0 0 0 0 0 0 0 0 0 0 0 0 0 0 0 0 0 0 0 0 0 0 0 0 0 0 0 0 0 0 0 0 0 0 0 0 0 0 0 0 0 0 0 0 0 0 0 0 0 0 0 0 0 0 0 0 0 0 0 0 0 0 0 0 0 0 0 0 0 0 0 0 0 0 0 0 0 0 0 0 0 0 0 0 0 0 0 0 0 0 0 0 0 0 0 0 0 0 0 0 0 0 0 0 0 0 0 0 0 0 0 0 0 0 0 0 0 0 0 0 0 0 0 0 0 0 0 0 0 0 0 0 0 0 0 0 0 0 0 0 0 0 0 0 0 0 0 0 0 0 0 0 0 0 0 0 0 0 0 0 0 0 0 0 0 0 0 0 0 0 0 0 0 0 0 0 0 0 0 0 0 0 0 0 0 0 0 0 0 0 0 0 0 0 0 0 0 0 0 0 0 0 0 0 0 0 0 0 0 0 0 0 0 0 0 0 0 0 0 0 0 0 0 0 0 0 0 0 0 0 0 0 0 0 0 0 0 0 0 0 0 0 0 0 0 0 0 0 0 0 0 0 0 0 0 0 0 0 0 0 0 0 0 0 0 0 0 0 0 0 0 0 0 0 0 0 0 0 0 0 0 0 0 0 0 0 0 0 0 0 0 0 0 0 0 0 0 0 0 0 0 0 0 0 0 0 0 0 0 0 0 0 0 0 0 0 0 0 0 0 0 0 0 0 0 0 0 0 0 0 0 0 0 0 0 0 0 0 0 0 0 0 0 0 0 0 0 0 0 0 0 0 0 0 0 0 0 0 0 0 0 0 0 0 0 0 0 0 0 0 0 0 0 0 0 0 0 0 0 0 0 0 0 0 0 0 0 0 0 0 0 0 0 0 0 0 0 0 0 0 0 0 0 0 0 0 0 0 0 0 0 0 0 0 0 0 0 0 0 0 0 0 0 0 0 0 0 0 0 0 0 0 0 0 0 0 0 0 0 0 0 0 0 0 0 0 0 0 0 0 0 0 0 0 0 0 0 0 0 0 0 0 0 0 0 0 0 0 0 0 0 0 0 0 0 0 0 0 0 0 0 0 0 0 0 0 0 0 0 0 0 0 0 0 0 0 0 0 0 0 0 0 0 0 0 0 0 0 0 0 0 0 0 0 0 0 0 0 0 0 0 0 0 0 0 0 0 0 0 0 0 0 0 0 0 0 0 0 0 0 0 0 0 0 0 0 0 0 0 0 0 0 0 6 6 6 38 32 32 18 18 0 0 6 0 0 0 0 0 0 0 0 0 0 0 0 0 0 0 0 0 0 0 0 0 0 0 0 0 0 0 0 0 0 0 0 0 0 0 0 0 0 0 0 0 0 0 0 0 0 0 0 0 0 0 0 0 0 0 0 0 0 0 0 0 0 0 0 0 0 0 0 0 0 0 0 0 0 0 0 0 0 0 0 0 0 0 0 0 0 0 0 0 0 0 0 0 0 0 0 0 0 0 0 0 0 0 0 0 0 0 0 0 0 0 0 0 0 0 0 0 0 0 0 0 0 0 0 0 0 0 0 0 0 0 0 0 0 0 0 0 3 3 3 3 0 0 0 3 3 0 0 3 12 9 0 0 3 
127:/home/tiago/work/lua/lua-gdpr-iab-tcfv2/.rocks/share/lua/5.1/pl/types.lua
0 0 0 0 0 0 0 0 0 0 0 0 0 0 0 0 0 0 0 0 0 0 0 0 0 0 0 0 0 0 0 0 0 0 0 0 0 0 0 0 0 0 0 0 0 0 0 0 0 0 0 0 0 0 0 0 0 0 0 0 0 0 0 0 0 0 0 0 0 0 0 0 0 0 0 0 0 0 0 0 0 0 0 0 0 0 0 0 0 0 0 0 0 0 0 0 18 0 0 0 0 0 0 0 0 0 0 0 0 0 6 6 0 0 0 0 0 0 0 0 0 0 0 0 0 12 12 
697:/home/tiago/work/lua/lua-gdpr-iab-tcfv2/.rocks/share/lua/5.1/pl/utils.lua
0 0 0 0 0 0 0 0 0 0 0 0 0 0 0 0 0 0 0 0 0 0 0 0 0 0 0 0 0 0 0 0 0 0 0 0 0 0 0 0 0 0 0 0 0 0 0 0 0 0 0 0 0 0 0 0 0 0 0 0 0 0 0 0 0 0 0 0 0 0 0 0 0 0 0 0 0 0 0 0 0 0 0 0 0 0 0 0 0 0 0 0 0 0 0 0 0 0 0 0 0 0 0 0 0 0 0 0 0 0 0 0 0 0 0 0 0 0 0 0 0 0 0 0 0 0 0 0 0 0 0 0 0 0 0 0 0 0 0 0 0 0 0 0 0 0 0 0 0 0 0 0 0 0 0 0 0 0 0 0 0 0 0 0 0 0 0 0 0 0 0 0 0 0 0 0 0 0 0 0 0 0 0 0 0 0 0 0 0 0 0 0 0 0 0 0 0 0 0 0 0 0 0 0 0 0 0 0 0 0 0 0 0 0 0 0 0 0 0 0 0 0 0 0 0 0 0 0 0 0 0 0 0 0 0 0 0 0 0 0 0 0 0 0 0 0 0 0 0 0 0 0 0 0 0 0 0 0 0 0 0 0 0 0 0 0 0 0 0 0 0 0 0 0 0 0 0 0 0 0 0 0 0 0 0 0 0 0 0 0 408 0 0 408 0 0 408 0 0 0 0 0 0 0 0 0 0 0 0 0 0 0 0 0 0 0 0 0 0 0 0 0 0 0 0 0 0 0 0 0 0 0 0 0 0 0 0 0 0 0 0 0 0 0 0 0 0 0 0 0 0 0 0 0 0 0 0 0 0 0 0 0 0 0 0 0 0 0 0 0 0 0 0 0 0 0 0 0 0 0 0 0 0 0 0 0 0 0 0 0 0 0 0 0 0 0 0 0 0 0 0 0 0 0 0 0 0 0 0 0 0 0 0 0 0 0 0 0 0 0 0 0 0 0 0 0 0 0 0 0 0 0 0 0 0 6 6 6 0 0 0 0 0 0 0 0 0 0 0 0 0 0 0 0 0 0 0 0 0 0 0 0 0 0 0 0 0 0 0 0 0 0 0 0 0 396 0 0 0 0 0 0 0 0 0 0 0 0 0 0 0 0 0 0 0 0 0 0 0 0 0 0 0 0 0 0 0 0 0 0 0 0 0 0 0 0 0 0 0 0 0 0 0 0 0 0 0 0 0 0 0 0 0 0 0 0 0 0 0 0 0 0 0 0 0 0 0 0 0 0 0 0 0 0 0 0 0 0 0 0 0 0 0 0 0 0 0 0 0 0 0 0 0 0 0 0 0 0 0 0 0 0 0 0 0 0 0 0 0 0 0 0 0 0 0 0 0 0 0 0 0 0 0 0 0 0 0 0 0 0 0 0 0 0 0 0 0 0 0 0 0 0 0 0 0 0 0 0 0 0 0 0 0 0 0 0 0 0 0 0 0 0 0 0 0 0 0 0 0 0 0 0 0 0 0 0 0 0 0 0 0 0 0 0 0 0 0 0 0 0 0 0 0 0 0 0 0 0 0 0 0 0 0 0 0 0 0 0 0 0 0 0 0 0 0 23 23 
52:/home/tiago/work/lua/lua-gdpr-iab-tcfv2/.rocks/share/lua/5.1/say/init.lua
0 0 0 0 0 0 0 0 0 0 0 0 0 3 3 0 0 3 0 0 0 0 0 0 0 0 0 57 57 0 0 0 0 1574 0 0 1574 1574 0 1574 0 1574 0 0 1574 1574 0 6215 4641 0 0 1574 
39:/home/tiago/work/lua/lua-gdpr-iab-tcfv2/.rocks/share/lua/5.1/term/colors.lua
0 0 0 0 0 0 0 0 0 0 0 0 0 0 0 0 0 0 0 0 0 0 0 0 0 0 0 0 0 0 64 0 0 0 64 0 0 0 32 
84:/usr/share/lua/5.1/luarocks/core/dir.lua
0 0 0 0 0 0 0 1080 1080 1080 0 0 1080 0 0 0 0 0 0 0 0 0 0 0 0 360 360 0 0 1080 720 0 360 0 0 0 0 0 0 0 0 360 0 360 360 360 360 360 0 360 0 0 0 0 0 0 0 0 360 360 360 360 360 0 0 1350 990 0 0 0 0 0 0 990 990 0 0 360 360 360 0 360 360 360 
78:/usr/share/lua/5.1/luarocks/core/manif.lua
0 0 0 0 0 0 0 0 0 0 0 0 0 0 0 0 0 0 0 0 0 0 0 0 0 0 0 0 0 0 0 0 180 180 0 0 0 0 0 0 0 0 0 0 180 180 180 0 0 0 0 0 0 0 0 0 0 0 180 0 180 180 0 0 0 180 180 0 0 0 90 180 180 180 0 0 270 90 
147:/usr/share/lua/5.1/luarocks/core/path.lua
0 0 0 0 0 0 0 0 0 0 180 0 0 180 180 0 0 0 0 0 0 0 0 0 0 0 0 0 0 0 0 0 0 0 0 0 0 0 0 0 0 0 0 0 0 0 0 0 0 0 0 0 0 0 0 0 0 0 0 0 0 0 0 0 0 0 0 0 0 0 0 0 0 0 0 0 0 0 0 0 0 0 0 0 0 0 0 0 0 0 0 0 0 0 0 0 0 0 0 0 0 0 0 0 0 0 0 0 0 0 0 0 360 360 0 0 0 0 0 0 0 0 0 0 0 0 0 0 90 90 90 0 0 90 90 0 0 270 180 90 0 180 180 0 0 0 90 
75:/usr/share/lua/5.1/luarocks/core/persist.lua
0 0 0 0 0 0 0 0 0 0 0 0 0 180 180 180 0 0 0 0 0 0 0 0 0 0 0 0 0 0 0 0 0 0 0 0 0 0 0 0 0 0 0 0 0 0 0 0 0 0 0 0 0 0 0 0 180 180 0 180 180 180 0 0 180 0 180 180 0 180 0 180 0 180 180 
216:/usr/share/lua/5.1/luarocks/loader.lua
0 0 0 0 0 0 0 0 0 0 0 0 0 0 0 0 0 0 0 0 0 0 0 0 0 0 0 0 0 0 0 0 0 0 0 0 0 0 0 0 0 0 0 0 0 0 0 0 0 0 0 0 0 0 0 0 0 0 0 0 0 0 0 0 0 0 0 0 0 0 0 0 0 0 0 0 0 0 0 0 0 0 0 0 0 0 0 0 0 0 0 0 0 0 0 0 0 0 0 0 0 0 0 0 0 0 0 0 0 0 0 0 0 0 0 0 0 0 0 0 0 0 0 0 0 0 0 0 0 0 0 0 0 0 0 0 0 0 0 0 0 0 0 0 90 90 0 0 0 90 90 90 0 0 0 0 0 0 0 0 0 0 0 0 0 0 0 0 0 0 90 0 0 0 0 90 0 0 0 0 0 0 0 0 0 0 180 0 0 0 0 90 0 0 0 0 0 0 0 0 0 0 0 0 0 0 0 0 0 0 0 0 0 90 90 90 
25:src/gdpr/iab/tcfv2/allowed_vendors.lua
3 3 0 3 3 0 3 0 0 0 0 0 0 0 0 0 0 0 0 0 0 0 3 0 3 
46:src/gdpr/iab/tcfv2/base64.lua
7 0 0 7 0 0 7 455 448 0 7 7 0 7 0 7 0 175 0 175 175 175 175 0 56439 56264 56264 56264 0 0 0 56264 56264 0 56264 42193 42193 42193 42193 0 0 0 175 7 0 7 
75:src/gdpr/iab/tcfv2/bit.lua
2 0 0 2 2 2 0 2 0 0 0 0 0 0 0 2 0 0 0 0 0 0 2 0 0 0 0 0 0 0 0 0 0 4 132 128 128 128 128 128 16 0 0 4 6 2 0 4 64 4 4 64 4 4 0 4 0 0 0 0 0 0 0 0 0 2 0 2 2 0 2 2 0 0 2 
77:src/gdpr/iab/tcfv2/bitstream.lua
7 7 0 7 462 455 0 0 7 232 232 232 232 232 7 0 7 269647 0 0 269647 0 0 0 269647 269647 0 543785 274138 274138 274138 0 274138 274138 0 0 0 274138 274138 0 274138 0 274138 274138 0 0 269647 7 0 7 266336 266336 0 0 266336 7 0 7 0 7 0 7 59 59 59 59 7 0 7 306 7 0 7 2030 2037 0 7 
111:src/gdpr/iab/tcfv2/common.lua
3 0 3 204 204 0 0 204 3 0 3 102 102 102 0 0 102 3 0 3 380 152 0 380 6164 5784 0 380 3 0 0 97 97 1 3 2 0 0 1365 1364 1364 2 0 1 0 126970 126874 0 0 97 3 0 0 5 5 0 5 5 0 0 0 0 0 0 371 366 366 366 57 57 0 0 0 0 0 0 180 123 0 57 0 309 309 0 0 0 0 5 3 0 3 102 102 0 0 102 102 0 0 0 102 102 102 97 0 5 0 102 3 0 3 
309:src/gdpr/iab/tcfv2/core.lua
5 3 2 5 3 2 5 5 5 5 5 5 5 5 5 5 5 5 5 5 5 5 5 3 0 0 204 254 50 0 204 52 50 0 196 146 146 44 0 190 46 44 44 196 196 3200 3048 61152 61260 11105 0 61108 61205 97 61109 3 2 0 50 1368 1364 1364 562 560 1 560 656 126970 126874 0 0 97 2 0 560 158 5 407 8 5 0 3 0 51 3 0 422 369 366 417 60 57 51 3 0 51 51 3 180 174 3 57 51 312 309 51 3 0 102 56 53 51 0 153 105 102 51 3 0 153 153 105 194 148 100 97 147 197 97 100 55 55 0 52 3 0 101 53 0 51 53 50 104 146 96 44 96 52 140 47 44 94 94 94 50 0 61152 61158 11153 50 61111 61108 50 61158 50 50 0 100 52 50 50 563 560 0 563 674 57 57 57 57 57 0 1220 764 153 0 1423 968 966 966 2 0 101 59 0 51 59 3 51 5 50 1051 952 0 101 101 5 0 54 2 0 51 2 0 51 2 0 102 51 51 51 0 51 2 0 51 2 0 51 51 2 0 51 2 0 50 2 0 50 2 0 51 2 0 51 2 0 52 52 52 2 0 50 50 50 50 0 50 50 50 2 0 50 50 50 50 0 50 50 50 50 2 0 0 2 110 55 55 55 55 55 0 1220 204 0 0 1016 966 966 966 0 0 50 55 0 0 55 2 0 2 50 1000 950 0 50 50 2 0 2 
25:src/gdpr/iab/tcfv2/disclosed_vendors.lua
3 3 0 3 3 0 3 0 0 0 0 0 0 0 0 0 0 0 0 0 0 0 3 0 3 
108:src/gdpr/iab/tcfv2/init.lua
5 5 3 2 3 0 55 222 281 114 55 59 3 2 58 57 0 0 55 112 57 0 55 112 112 57 0 0 0 55 112 57 0 55 57 0 0 0 0 0 0 0 0 0 167 112 55 55 0 1170 164 57 1177 57 57 0 1174 1170 1120 2244 0 0 0 0 1124 0 0 1124 0 0 1124 4 0 0 0 1120 1120 1175 0 0 55 2 0 2 0 0 0 0 0 0 0 0 0 0 0 0 0 0 0 0 0 57 0 0 57 3 0 3 
36:src/gdpr/iab/tcfv2/publisher_tc.lua
3 3 0 3 3 0 3 57 57 0 57 0 0 0 0 57 57 0 57 0 57 0 57 0 114 57 57 57 57 57 57 0 57 3 0 3 
43:src/gdpr/iab/tcfv2/router.lua
3 3 3 3 3 0 3 0 3 3 3 3 0 0 3 57 0 114 57 57 57 57 57 57 57 57 57 57 0 0 0 0 0 0 0 0 0 0 0 57 3 0 3 
55:test/core_spec.lua
2 0 4 0 2 2 2 2 2 0 4 2 2 2 2 2 2 2 2 2 2 2 2 2 4 0 4 2 0 2 4 0 4 2 2 2 2 2 4 0 4 2 2 2 4 0 4 2 2 4 2 0 2 4 6 
37:test/golden_harness.lua
3 0 3 0 3 0 3 0 3 3 3 0 3 3 3 3 0 0 0 1125 1124 1124 1124 1124 2 0 0 0 0 0 0 1 2 2 5 0 2 
75:test/golden_spec.lua
3 2 4 2 5 6 1026 1028 101 101 0 1025 1 102 103 0 0 0 100 100 0 0 100 100 100 100 100 100 100 100 100 100 100 0 100 0 1200 1100 1100 0 0 0 200 100 100 0 100 200 100 100 0 100 0 0 100 100 100 100 100 100 0 100 100 100 100 0 0 0 0 100 2 0 100 4 6 
45:test/parity_helper.lua
2 0 0 0 200 0 0 0 200 2 0 2 100 100 100 100 100 100 100 100 100 100 100 100 100 100 100 100 0 100 100 100 100 100 100 100 100 100 0 0 0 100 2 0 2 
61:test/plumbing_spec.lua
3 2 2 0 4 4 4 2 4 0 4 2 4 0 4 2 4 0 4 2 4 4 0 4 4 2 2 4 0 4 2 2 2 4 4 0 4 4 2 2 2 2 2 4 0 4 2 2 2 4 0 4 2 2 2 2 2 2 4 4 6 
39:test/router_spec.lua
1 0 2 0 0 1 1 1 1 1 0 2 1 1 1 2 1 0 1 2 1 0 1 2 0 2 1 1 2 0 2 0 0 0 0 0 0 2 3 
381:test/vendor/json.lua
0 0 0 0 0 0 0 0 0 0 0 0 0 0 0 0 0 0 0 0 0 0 0 0 3 0 0 0 0 0 3 0 3 3 3 3 3 3 3 3 0 0 3 24 21 0 0 0 0 3 0 0 0 3 0 0 0 0 0 0 0 0 0 0 0 0 0 0 0 0 0 0 0 0 0 0 0 0 0 0 0 0 0 0 0 0 0 0 0 0 0 0 0 0 0 3 0 0 0 3 0 0 0 0 0 0 0 3 0 3 3 3 3 3 3 0 0 0 0 0 0 0 0 0 3 0 3 0 3 0 0 0 0 0 3 0 0 12 81 69 0 12 3 0 3 3 3 3 0 3 3 3 3 0 0 0 24437531 24436407 17572695 0 0 1124 3 0 0 0 0 0 0 0 0 0 0 0 0 3 0 0 0 0 0 0 0 0 0 0 0 0 0 0 0 0 0 0 0 3 0 0 0 0 0 0 0 0 0 0 3 0 0 3525993 3525993 3525993 0 16666364 16666364 0 16666364 0 16666364 0 0 0 0 0 0 0 0 0 0 0 0 0 0 0 0 0 0 0 0 16666364 3525993 3525993 0 0 13140371 0 0 0 3 0 0 2372208 2372208 2372208 2372208 0 0 2372208 3 0 0 1118639 1118639 1118639 0 0 1118639 3 0 0 0 0 0 0 0 0 0 0 0 0 0 0 0 0 0 0 0 0 0 0 0 0 0 0 0 0 0 3 0 0 22782 22782 0 3522977 3522977 0 3522977 3728 3728 0 0 3519249 0 0 3519249 0 3519249 3519249 0 0 3519249 0 3519249 0 3519249 0 3519249 3519249 3519249 3519249 19054 0 3500195 0 0 0 22782 3 0 3 3 3 3 3 3 3 3 3 3 3 3 3 3 3 3 3 3 0 0 0 7039622 7039622 7039622 7039622 0 0 3 0 3 1124 0 0 1124 1124 1124 0 0 1124 3 0 3 
